mkdir .libs
 gcc -I. -I/data/softDatas/myExts/ansi/ext -DPHP_ATOM_INC -I/data/softDatas/myExts/ansi/ext/include -I/data/softDatas/myExts/ansi/ext/main -I/data/softDatas/myExts/ansi/ext -I/opt/php/include/php -I/opt/php/include/php/main -I/opt/php/include/php/TSRM -I/opt/php/include/php/Zend -I/opt/php/include/php/ext -I/opt/php/include/php/ext/date/lib -DHAVE_CONFIG_H -g3 -O0 -c /data/softDatas/myExts/ansi/ext/ansi.c  -fPIC -DPIC -o .libs/ansi.o
mkdir kernel/.libs
 gcc -I. -I/data/softDatas/myExts/ansi/ext -DPHP_ATOM_INC -I/data/softDatas/myExts/ansi/ext/include -I/data/softDatas/myExts/ansi/ext/main -I/data/softDatas/myExts/ansi/ext -I/opt/php/include/php -I/opt/php/include/php/main -I/opt/php/include/php/TSRM -I/opt/php/include/php/Zend -I/opt/php/include/php/ext -I/opt/php/include/php/ext/date/lib -DHAVE_CONFIG_H -g3 -O0 -c /data/softDatas/myExts/ansi/ext/kernel/main.c  -fPIC -DPIC -o kernel/.libs/main.o
 gcc -I. -I/data/softDatas/myExts/ansi/ext -DPHP_ATOM_INC -I/data/softDatas/myExts/ansi/ext/include -I/data/softDatas/myExts/ansi/ext/main -I/data/softDatas/myExts/ansi/ext -I/opt/php/include/php -I/opt/php/include/php/main -I/opt/php/include/php/TSRM -I/opt/php/include/php/Zend -I/opt/php/include/php/ext -I/opt/php/include/php/ext/date/lib -DHAVE_CONFIG_H -g3 -O0 -c /data/softDatas/myExts/ansi/ext/kernel/memory.c  -fPIC -DPIC -o kernel/.libs/memory.o
 gcc -I. -I/data/softDatas/myExts/ansi/ext -DPHP_ATOM_INC -I/data/softDatas/myExts/ansi/ext/include -I/data/softDatas/myExts/ansi/ext/main -I/data/softDatas/myExts/ansi/ext -I/opt/php/include/php -I/opt/php/include/php/main -I/opt/php/include/php/TSRM -I/opt/php/include/php/Zend -I/opt/php/include/php/ext -I/opt/php/include/php/ext/date/lib -DHAVE_CONFIG_H -g3 -O0 -c /data/softDatas/myExts/ansi/ext/kernel/exception.c  -fPIC -DPIC -o kernel/.libs/exception.o
 gcc -I. -I/data/softDatas/myExts/ansi/ext -DPHP_ATOM_INC -I/data/softDatas/myExts/ansi/ext/include -I/data/softDatas/myExts/ansi/ext/main -I/data/softDatas/myExts/ansi/ext -I/opt/php/include/php -I/opt/php/include/php/main -I/opt/php/include/php/TSRM -I/opt/php/include/php/Zend -I/opt/php/include/php/ext -I/opt/php/include/php/ext/date/lib -DHAVE_CONFIG_H -g3 -O0 -c /data/softDatas/myExts/ansi/ext/kernel/hash.c  -fPIC -DPIC -o kernel/.libs/hash.o
 gcc -I. -I/data/softDatas/myExts/ansi/ext -DPHP_ATOM_INC -I/data/softDatas/myExts/ansi/ext/include -I/data/softDatas/myExts/ansi/ext/main -I/data/softDatas/myExts/ansi/ext -I/opt/php/include/php -I/opt/php/include/php/main -I/opt/php/include/php/TSRM -I/opt/php/include/php/Zend -I/opt/php/include/php/ext -I/opt/php/include/php/ext/date/lib -DHAVE_CONFIG_H -g3 -O0 -c /data/softDatas/myExts/ansi/ext/kernel/debug.c  -fPIC -DPIC -o kernel/.libs/debug.o
 gcc -I. -I/data/softDatas/myExts/ansi/ext -DPHP_ATOM_INC -I/data/softDatas/myExts/ansi/ext/include -I/data/softDatas/myExts/ansi/ext/main -I/data/softDatas/myExts/ansi/ext -I/opt/php/include/php -I/opt/php/include/php/main -I/opt/php/include/php/TSRM -I/opt/php/include/php/Zend -I/opt/php/include/php/ext -I/opt/php/include/php/ext/date/lib -DHAVE_CONFIG_H -g3 -O0 -c /data/softDatas/myExts/ansi/ext/kernel/backtrace.c  -fPIC -DPIC -o kernel/.libs/backtrace.o
 gcc -I. -I/data/softDatas/myExts/ansi/ext -DPHP_ATOM_INC -I/data/softDatas/myExts/ansi/ext/include -I/data/softDatas/myExts/ansi/ext/main -I/data/softDatas/myExts/ansi/ext -I/opt/php/include/php -I/opt/php/include/php/main -I/opt/php/include/php/TSRM -I/opt/php/include/php/Zend -I/opt/php/include/php/ext -I/opt/php/include/php/ext/date/lib -DHAVE_CONFIG_H -g3 -O0 -c /data/softDatas/myExts/ansi/ext/kernel/object.c  -fPIC -DPIC -o kernel/.libs/object.o
 gcc -I. -I/data/softDatas/myExts/ansi/ext -DPHP_ATOM_INC -I/data/softDatas/myExts/ansi/ext/include -I/data/softDatas/myExts/ansi/ext/main -I/data/softDatas/myExts/ansi/ext -I/opt/php/include/php -I/opt/php/include/php/main -I/opt/php/include/php/TSRM -I/opt/php/include/php/Zend -I/opt/php/include/php/ext -I/opt/php/include/php/ext/date/lib -DHAVE_CONFIG_H -g3 -O0 -c /data/softDatas/myExts/ansi/ext/kernel/array.c  -fPIC -DPIC -o kernel/.libs/array.o
mkdir kernel/extended/.libs
 gcc -I. -I/data/softDatas/myExts/ansi/ext -DPHP_ATOM_INC -I/data/softDatas/myExts/ansi/ext/include -I/data/softDatas/myExts/ansi/ext/main -I/data/softDatas/myExts/ansi/ext -I/opt/php/include/php -I/opt/php/include/php/main -I/opt/php/include/php/TSRM -I/opt/php/include/php/Zend -I/opt/php/include/php/ext -I/opt/php/include/php/ext/date/lib -DHAVE_CONFIG_H -g3 -O0 -c /data/softDatas/myExts/ansi/ext/kernel/extended/array.c  -fPIC -DPIC -o kernel/extended/.libs/array.o
 gcc -I. -I/data/softDatas/myExts/ansi/ext -DPHP_ATOM_INC -I/data/softDatas/myExts/ansi/ext/include -I/data/softDatas/myExts/ansi/ext/main -I/data/softDatas/myExts/ansi/ext -I/opt/php/include/php -I/opt/php/include/php/main -I/opt/php/include/php/TSRM -I/opt/php/include/php/Zend -I/opt/php/include/php/ext -I/opt/php/include/php/ext/date/lib -DHAVE_CONFIG_H -g3 -O0 -c /data/softDatas/myExts/ansi/ext/kernel/string.c  -fPIC -DPIC -o kernel/.libs/string.o
 gcc -I. -I/data/softDatas/myExts/ansi/ext -DPHP_ATOM_INC -I/data/softDatas/myExts/ansi/ext/include -I/data/softDatas/myExts/ansi/ext/main -I/data/softDatas/myExts/ansi/ext -I/opt/php/include/php -I/opt/php/include/php/main -I/opt/php/include/php/TSRM -I/opt/php/include/php/Zend -I/opt/php/include/php/ext -I/opt/php/include/php/ext/date/lib -DHAVE_CONFIG_H -g3 -O0 -c /data/softDatas/myExts/ansi/ext/kernel/fcall.c  -fPIC -DPIC -o kernel/.libs/fcall.o
 gcc -I. -I/data/softDatas/myExts/ansi/ext -DPHP_ATOM_INC -I/data/softDatas/myExts/ansi/ext/include -I/data/softDatas/myExts/ansi/ext/main -I/data/softDatas/myExts/ansi/ext -I/opt/php/include/php -I/opt/php/include/php/main -I/opt/php/include/php/TSRM -I/opt/php/include/php/Zend -I/opt/php/include/php/ext -I/opt/php/include/php/ext/date/lib -DHAVE_CONFIG_H -g3 -O0 -c /data/softDatas/myExts/ansi/ext/kernel/extended/fcall.c  -fPIC -DPIC -o kernel/extended/.libs/fcall.o
 gcc -I. -I/data/softDatas/myExts/ansi/ext -DPHP_ATOM_INC -I/data/softDatas/myExts/ansi/ext/include -I/data/softDatas/myExts/ansi/ext/main -I/data/softDatas/myExts/ansi/ext -I/opt/php/include/php -I/opt/php/include/php/main -I/opt/php/include/php/TSRM -I/opt/php/include/php/Zend -I/opt/php/include/php/ext -I/opt/php/include/php/ext/date/lib -DHAVE_CONFIG_H -g3 -O0 -c /data/softDatas/myExts/ansi/ext/kernel/require.c  -fPIC -DPIC -o kernel/.libs/require.o
 gcc -I. -I/data/softDatas/myExts/ansi/ext -DPHP_ATOM_INC -I/data/softDatas/myExts/ansi/ext/include -I/data/softDatas/myExts/ansi/ext/main -I/data/softDatas/myExts/ansi/ext -I/opt/php/include/php -I/opt/php/include/php/main -I/opt/php/include/php/TSRM -I/opt/php/include/php/Zend -I/opt/php/include/php/ext -I/opt/php/include/php/ext/date/lib -DHAVE_CONFIG_H -g3 -O0 -c /data/softDatas/myExts/ansi/ext/kernel/file.c  -fPIC -DPIC -o kernel/.libs/file.o
 gcc -I. -I/data/softDatas/myExts/ansi/ext -DPHP_ATOM_INC -I/data/softDatas/myExts/ansi/ext/include -I/data/softDatas/myExts/ansi/ext/main -I/data/softDatas/myExts/ansi/ext -I/opt/php/include/php -I/opt/php/include/php/main -I/opt/php/include/php/TSRM -I/opt/php/include/php/Zend -I/opt/php/include/php/ext -I/opt/php/include/php/ext/date/lib -DHAVE_CONFIG_H -g3 -O0 -c /data/softDatas/myExts/ansi/ext/kernel/operators.c  -fPIC -DPIC -o kernel/.libs/operators.o
 gcc -I. -I/data/softDatas/myExts/ansi/ext -DPHP_ATOM_INC -I/data/softDatas/myExts/ansi/ext/include -I/data/softDatas/myExts/ansi/ext/main -I/data/softDatas/myExts/ansi/ext -I/opt/php/include/php -I/opt/php/include/php/main -I/opt/php/include/php/TSRM -I/opt/php/include/php/Zend -I/opt/php/include/php/ext -I/opt/php/include/php/ext/date/lib -DHAVE_CONFIG_H -g3 -O0 -c /data/softDatas/myExts/ansi/ext/kernel/math.c  -fPIC -DPIC -o kernel/.libs/math.o
 gcc -I. -I/data/softDatas/myExts/ansi/ext -DPHP_ATOM_INC -I/data/softDatas/myExts/ansi/ext/include -I/data/softDatas/myExts/ansi/ext/main -I/data/softDatas/myExts/ansi/ext -I/opt/php/include/php -I/opt/php/include/php/main -I/opt/php/include/php/TSRM -I/opt/php/include/php/Zend -I/opt/php/include/php/ext -I/opt/php/include/php/ext/date/lib -DHAVE_CONFIG_H -g3 -O0 -c /data/softDatas/myExts/ansi/ext/kernel/concat.c  -fPIC -DPIC -o kernel/.libs/concat.o
 gcc -I. -I/data/softDatas/myExts/ansi/ext -DPHP_ATOM_INC -I/data/softDatas/myExts/ansi/ext/include -I/data/softDatas/myExts/ansi/ext/main -I/data/softDatas/myExts/ansi/ext -I/opt/php/include/php -I/opt/php/include/php/main -I/opt/php/include/php/TSRM -I/opt/php/include/php/Zend -I/opt/php/include/php/ext -I/opt/php/include/php/ext/date/lib -DHAVE_CONFIG_H -g3 -O0 -c /data/softDatas/myExts/ansi/ext/kernel/variables.c  -fPIC -DPIC -o kernel/.libs/variables.o
 gcc -I. -I/data/softDatas/myExts/ansi/ext -DPHP_ATOM_INC -I/data/softDatas/myExts/ansi/ext/include -I/data/softDatas/myExts/ansi/ext/main -I/data/softDatas/myExts/ansi/ext -I/opt/php/include/php -I/opt/php/include/php/main -I/opt/php/include/php/TSRM -I/opt/php/include/php/Zend -I/opt/php/include/php/ext -I/opt/php/include/php/ext/date/lib -DHAVE_CONFIG_H -g3 -O0 -c /data/softDatas/myExts/ansi/ext/kernel/filter.c  -fPIC -DPIC -o kernel/.libs/filter.o
 gcc -I. -I/data/softDatas/myExts/ansi/ext -DPHP_ATOM_INC -I/data/softDatas/myExts/ansi/ext/include -I/data/softDatas/myExts/ansi/ext/main -I/data/softDatas/myExts/ansi/ext -I/opt/php/include/php -I/opt/php/include/php/main -I/opt/php/include/php/TSRM -I/opt/php/include/php/Zend -I/opt/php/include/php/ext -I/opt/php/include/php/ext/date/lib -DHAVE_CONFIG_H -g3 -O0 -c /data/softDatas/myExts/ansi/ext/kernel/iterator.c  -fPIC -DPIC -o kernel/.libs/iterator.o
 gcc -I. -I/data/softDatas/myExts/ansi/ext -DPHP_ATOM_INC -I/data/softDatas/myExts/ansi/ext/include -I/data/softDatas/myExts/ansi/ext/main -I/data/softDatas/myExts/ansi/ext -I/opt/php/include/php -I/opt/php/include/php/main -I/opt/php/include/php/TSRM -I/opt/php/include/php/Zend -I/opt/php/include/php/ext -I/opt/php/include/php/ext/date/lib -DHAVE_CONFIG_H -g3 -O0 -c /data/softDatas/myExts/ansi/ext/kernel/time.c  -fPIC -DPIC -o kernel/.libs/time.o
 gcc -I. -I/data/softDatas/myExts/ansi/ext -DPHP_ATOM_INC -I/data/softDatas/myExts/ansi/ext/include -I/data/softDatas/myExts/ansi/ext/main -I/data/softDatas/myExts/ansi/ext -I/opt/php/include/php -I/opt/php/include/php/main -I/opt/php/include/php/TSRM -I/opt/php/include/php/Zend -I/opt/php/include/php/ext -I/opt/php/include/php/ext/date/lib -DHAVE_CONFIG_H -g3 -O0 -c /data/softDatas/myExts/ansi/ext/kernel/exit.c  -fPIC -DPIC -o kernel/.libs/exit.o
mkdir ansi/.libs
 gcc -I. -I/data/softDatas/myExts/ansi/ext -DPHP_ATOM_INC -I/data/softDatas/myExts/ansi/ext/include -I/data/softDatas/myExts/ansi/ext/main -I/data/softDatas/myExts/ansi/ext -I/opt/php/include/php -I/opt/php/include/php/main -I/opt/php/include/php/TSRM -I/opt/php/include/php/Zend -I/opt/php/include/php/ext -I/opt/php/include/php/ext/date/lib -DHAVE_CONFIG_H -g3 -O0 -c /data/softDatas/myExts/ansi/ext/ansi/output.zep.c  -fPIC -DPIC -o ansi/.libs/output.o
gcc -shared  .libs/ansi.o kernel/.libs/main.o kernel/.libs/memory.o kernel/.libs/exception.o kernel/.libs/hash.o kernel/.libs/debug.o kernel/.libs/backtrace.o kernel/.libs/object.o kernel/.libs/array.o kernel/extended/.libs/array.o kernel/.libs/string.o kernel/.libs/fcall.o kernel/extended/.libs/fcall.o kernel/.libs/require.o kernel/.libs/file.o kernel/.libs/operators.o kernel/.libs/math.o kernel/.libs/concat.o kernel/.libs/variables.o kernel/.libs/filter.o kernel/.libs/iterator.o kernel/.libs/time.o kernel/.libs/exit.o ansi/.libs/output.o   -Wl,-soname -Wl,ansi.so -o .libs/ansi.so
creating ansi.la
(cd .libs && rm -f ansi.la && ln -s ../ansi.la ansi.la)
cp ./.libs/ansi.so /data/softDatas/myExts/ansi/ext/modules/ansi.so
cp ./.libs/ansi.lai /data/softDatas/myExts/ansi/ext/modules/ansi.la
PATH="$PATH:/sbin" ldconfig -n /data/softDatas/myExts/ansi/ext/modules
----------------------------------------------------------------------
Libraries have been installed in:
   /data/softDatas/myExts/ansi/ext/modules

If you ever happen to want to link against installed libraries
in a given directory, LIBDIR, you must either use libtool, and
specify the full pathname of the library, or use the `-LLIBDIR'
flag during linking and do at least one of the following:
   - add LIBDIR to the `LD_LIBRARY_PATH' environment variable
     during execution
   - add LIBDIR to the `LD_RUN_PATH' environment variable
     during linking
   - use the `-Wl,--rpath -Wl,LIBDIR' linker flag
   - have your system administrator add LIBDIR to `/etc/ld.so.conf'

See any operating system documentation about shared libraries for
more information, such as the ld(1) and ld.so(8) manual pages.
----------------------------------------------------------------------

Build complete.
Don't forget to run 'make test'.

Installing shared extensions:     /opt/php/lib/php/extensions/debug-zts-20121212/
Installing header files:          /opt/php/include/php/
